**********************
Начало записи сценария Windows PowerShell
Время начала: 20260928214403
Имя пользователя: DESKTOP-ENVIKOP\111
Запуск от имени пользователя: DESKTOP-ENVIKOP\111
Имя конфигурации: 
Компьютер: DESKTOP-ENVIKOP (Microsoft Windows NT 10.0.26200.0)
Ведущее приложение: C:\Windows\System32\WindowsPowerShell\v1.0\powershell.exe -NoExit -ExecutionPolicy Bypass -File D:\Programs\GIGA IDE\plugins\terminal\shell-integrations\powershell\powershell-integration.ps1
ИД процесса: 4088
PSVersion: 5.1.26100.9549
PSEdition: Desktop
PSCompatibleVersions: 1.0, 2.0, 3.0, 4.0, 5.0, 5.1.26100.9549
BuildVersion: 10.0.26100.9549
CLRVersion: 4.0.30319.42000
WSManStackVersion: 3.0
PSRemotingProtocolVersion: 2.3
SerializationVersion: 1.1.0.1
**********************
Транскрибирование запущено, выходной файл .\Task2\2_1\hpa-scaling.log
PS D:\GitHub\architecture-insuretech> Get-Date -Format o
2026-09-28T21:44:08.8404685+03:00
PS D:\GitHub\architecture-insuretech> minikube kubectl -- apply -f Task2/deployment.yaml

PS D:\GitHub\architecture-insuretech> minikube kubectl -- apply -f Task2/service.yaml

PS D:\GitHub\architecture-insuretech> minikube kubectl -- get pods -l app=scaletestapp

PS D:\GitHub\architecture-insuretech> minikube kubectl -- apply -f Task2/hpa-memory.yaml

PS D:\GitHub\architecture-insuretech> minikube kubectl -- get hpa scaletestapp

PS D:\GitHub\architecture-insuretech> minikube kubectl -- get hpa scaletestapp

PS D:\GitHub\architecture-insuretech> minikube kubectl -- get hpa scaletestapp

PS D:\GitHub\architecture-insuretech> minikube kubectl -- top pods -l app=scaletestapp

PS D:\GitHub\architecture-insuretech> minikube kubectl -- get hpa scaletestapp

PS D:\GitHub\architecture-insuretech> minikube kubectl -- get hpa scaletestapp

PS D:\GitHub\architecture-insuretech> Get-Date -Format o
2026-09-28T21:49:03.9843386+03:00
PS D:\GitHub\architecture-insuretech> minikube kubectl -- get hpa scaletestapp

PS D:\GitHub\architecture-insuretech> minikube kubectl -- get pods -l app=scaletestapp

PS D:\GitHub\architecture-insuretech> $hpaUid = minikube kubectl -- get hpa scaletestapp -o jsonpath='{.metadata.uid}'
PS D:\GitHub\architecture-insuretech> minikube kubectl -- get events --field-selector "involvedObject.uid=$hpaUid" --watch

PS D:\GitHub\architecture-insuretech> TerminatingError(): "Конвейерная обработка была остановлена."
>> TerminatingError(): "Конвейерная обработка была остановлена."
PS D:\GitHub\architecture-insuretech> Get-Date -Format o
2026-09-28T21:51:43.2650686+03:00
PS D:\GitHub\architecture-insuretech> minikube kubectl -- get hpa scaletestapp

PS D:\GitHub\architecture-insuretech> minikube kubectl -- get pods -l app=scaletestapp

PS D:\GitHub\architecture-insuretech> minikube kubectl -- top pods -l app=scaletestapp

PS D:\GitHub\architecture-insuretech> minikube kubectl -- describe hpa scaletestapp
Reference:                                                Deployment/scaletestapp
Metrics:                                                  ( current / target )
  resource memory on pods  (as a percentage of request):  34% (10540Ki) / 50%
Min replicas:                                             1
Max replicas:                                             10
Deployment pods:                                          2 current / 2 desired
Conditions:
  Type            Status  Reason              Message
  ----            ------  ------              -------
  AbleToScale     True    ReadyForNewScale    recommended size matches current size
  ScalingActive   True    ValidMetricFound    the HPA was able to successfully calculate a replica count from memory resource utilization (percentage of request)
  ScalingLimited  False   DesiredWithinRange  the desired count is within the acceptable range
Events:
  Type    Reason             Age   From                       Message
  ----    ------             ----  ----                       -------
  Normal  SuccessfulRescale  92s   horizontal-pod-autoscaler  New size: 2; reason: memory resource utilization (percentage of request) above target
PS D:\GitHub\architecture-insuretech> Stop-Transcript
**********************
Конец записи протокола Windows PowerShell
Время окончания: 20260928215220
**********************
